/home/sandbox/mega27/07/scripts/multiobjective_opt.py:84: UserWarning: Converting a tensor with requires_grad=True to a scalar may lead to unexpected behavior.
Consider using tensor.detach() first. (Triggered internally at /__w/pytorch/pytorch/torch/csrc/autograd/generated/python_variable_methods.cpp:820.)
  z = (float(model(torch.tensor(encode(seq)).unsqueeze(0))) - mu) / sd
BIRC5 {'tai': 0.3486, 'tai_icor': 0.3471, 'cai': 0.7159, 'z': np.float32(0.805), 'z_icor': np.float32(-0.364), 'gc': 0.5131}
BRAF1 {'tai': 0.3589, 'tai_icor': 0.3285, 'cai': 0.6973, 'z': np.float32(1.188), 'z_icor': np.float32(-0.783), 'gc': 0.554}
CAV1 {'tai': 0.3483, 'tai_icor': 0.3477, 'cai': 0.677, 'z': np.float32(0.917), 'z_icor': np.float32(-0.807), 'gc': 0.4513}
CD80 {'tai': 0.3351, 'tai_icor': 0.3324, 'cai': 0.6588, 'z': np.float32(0.979), 'z_icor': np.float32(-0.278), 'gc': 0.4989}
CDK1 {'tai': 0.3703, 'tai_icor': 0.3675, 'cai': 0.6542, 'z': np.float32(1.126), 'z_icor': np.float32(-0.278), 'gc': 0.4882}
CEBPZ {'tai': 0.4069, 'tai_icor': 0.386, 'cai': 0.7266, 'z': np.float32(1.361), 'z_icor': np.float32(0.101), 'gc': 0.4899}
CLN3 {'tai': 0.3357, 'tai_icor': 0.3102, 'cai': 0.6699, 'z': np.float32(0.751), 'z_icor': np.float32(-0.927), 'gc': 0.5731}
CREB1 {'tai': 0.3369, 'tai_icor': 0.3248, 'cai': 0.6449, 'z': np.float32(1.339), 'z_icor': np.float32(0.238), 'gc': 0.5423}
CSNK1A1 {'tai': 0.3832, 'tai_icor': 0.3829, 'cai': 0.6827, 'z': np.float32(1.283), 'z_icor': np.float32(0.037), 'gc': 0.4926}
FGFR4 {'tai': 0.361, 'tai_icor': 0.327, 'cai': 0.6796, 'z': np.float32(0.953), 'z_icor': np.float32(-0.234), 'gc': 0.5881}
GSK3B {'tai': 0.3419, 'tai_icor': 0.3143, 'cai': 0.6656, 'z': np.float32(1.18), 'z_icor': np.float32(-0.329), 'gc': 0.542}
JUN {'tai': 0.3328, 'tai_icor': 0.3265, 'cai': 0.6495, 'z': np.float32(1.257), 'z_icor': np.float32(-0.418), 'gc': 0.57}
KIF11 {'tai': 0.3962, 'tai_icor': 0.3672, 'cai': 0.7348, 'z': np.float32(1.371), 'z_icor': np.float32(0.301), 'gc': 0.4921}
LAMP1 {'tai': 0.3564, 'tai_icor': 0.3316, 'cai': 0.6554, 'z': np.float32(1.032), 'z_icor': np.float32(-0.735), 'gc': 0.5324}
LEMD3 {'tai': 0.3765, 'tai_icor': 0.3328, 'cai': 0.6946, 'z': np.float32(1.353), 'z_icor': np.float32(0.307), 'gc': 0.5723}
MAPK1 {'tai': 0.3669, 'tai_icor': 0.3659, 'cai': 0.6697, 'z': np.float32(1.176), 'z_icor': np.float32(-0.442), 'gc': 0.4944}
MAPKAPK5 {'tai': 0.3686, 'tai_icor': 0.3653, 'cai': 0.7074, 'z': np.float32(1.245), 'z_icor': np.float32(-0.06), 'gc': 0.5159}
NGFR {'tai': 0.3341, 'tai_icor': 0.2858, 'cai': 0.6448, 'z': np.float32(1.231), 'z_icor': np.float32(-0.413), 'gc': 0.5558}
NOC2L {'tai': 0.373, 'tai_icor': 0.347, 'cai': 0.7085, 'z': np.float32(1.034), 'z_icor': np.float32(-0.223), 'gc': 0.5478}
OPRM1 {'tai': 0.3368, 'tai_icor': 0.322, 'cai': 0.6579, 'z': np.float32(0.405), 'z_icor': np.float32(-1.162), 'gc': 0.515}
PDCD11 {'tai': 0.3983, 'tai_icor': 0.3611, 'cai': 0.7087, 'z': np.float32(1.102), 'z_icor': np.float32(-0.094), 'gc': 0.517}
PLK1 {'tai': 0.3674, 'tai_icor': 0.3532, 'cai': 0.6835, 'z': np.float32(1.099), 'z_icor': np.float32(-0.265), 'gc': 0.5489}
RPS6KB1 {'tai': 0.3564, 'tai_icor': 0.3549, 'cai': 0.8316, 'z': np.float32(1.078), 'z_icor': np.float32(-0.016), 'gc': 0.5403}
SMARCD1 {'tai': 0.3335, 'tai_icor': 0.3321, 'cai': 0.8154, 'z': np.float32(1.088), 'z_icor': np.float32(-0.34), 'gc': 0.5689}
TAP1 {'tai': 0.3623, 'tai_icor': 0.3391, 'cai': 0.6792, 'z': np.float32(0.747), 'z_icor': np.float32(-0.895), 'gc': 0.5802}
TAS2R10 {'tai': 0.3606, 'tai_icor': 0.3588, 'cai': 0.7643, 'z': np.float32(0.423), 'z_icor': np.float32(-1.312), 'gc': 0.4473}
akt1 {'tai': 0.3691, 'tai_icor': 0.3684, 'cai': 0.8197, 'z': np.float32(1.171), 'z_icor': np.float32(-0.167), 'gc': 0.5104}
emg1 {'tai': 0.3602, 'tai_icor': 0.3592, 'cai': 0.6346, 'z': np.float32(1.06), 'z_icor': np.float32(0.128), 'gc': 0.5109}
falvac-1 {'tai': 0.3583, 'tai_icor': 0.358, 'cai': 0.664, 'z': np.float32(1.207), 'z_icor': np.float32(-0.264), 'gc': 0.466}
flt1 {'tai': 0.3819, 'tai_icor': 0.3468, 'cai': 0.7148, 'z': np.float32(0.383), 'z_icor': np.float32(-0.992), 'gc': 0.5227}
hpdf {'tai': 0.3194, 'tai_icor': 0.3183, 'cai': 0.6438, 'z': np.float32(0.603), 'z_icor': np.float32(-0.75), 'gc': 0.5703}
lck {'tai': 0.3367, 'tai_icor': 0.3353, 'cai': 0.8251, 'z': np.float32(0.779), 'z_icor': np.float32(-0.475), 'gc': 0.5337}
mmpl3 {'tai': 0.3691, 'tai_icor': 0.3322, 'cai': 0.6821, 'z': np.float32(0.982), 'z_icor': np.float32(-0.47), 'gc': 0.5911}
npr1 {'tai': 0.3863, 'tai_icor': 0.3502, 'cai': 0.7163, 'z': np.float32(0.891), 'z_icor': np.float32(-0.698), 'gc': 0.557}
pa {'tai': 0.3818, 'tai_icor': 0.3799, 'cai': 0.7214, 'z': np.float32(0.857), 'z_icor': np.float32(0.016), 'gc': 0.4606}
pak1 {'tai': 0.3458, 'tai_icor': 0.3427, 'cai': 0.8304, 'z': np.float32(1.488), 'z_icor': np.float32(-0.1), 'gc': 0.5193}
pea {'tai': 0.3505, 'tai_icor': 0.3316, 'cai': 0.6972, 'z': np.float32(0.991), 'z_icor': np.float32(-0.225), 'gc': 0.584}
pim1 {'tai': 0.3413, 'tai_icor': 0.3409, 'cai': 0.6579, 'z': np.float32(1.127), 'z_icor': np.float32(-0.347), 'gc': 0.5272}
ptp4a3 {'tai': 0.3477, 'tai_icor': 0.3387, 'cai': 0.6496, 'z': np.float32(1.115), 'z_icor': np.float32(0.027), 'gc': 0.4813}
ubtf {'tai': 0.3966, 'tai_icor': 0.3897, 'cai': 0.6895, 'z': np.float32(1.05), 'z_icor': np.float32(-0.444), 'gc': 0.4948}
Traceback (most recent call last):
  File "/home/sandbox/mega27/07/scripts/multiobjective_opt.py", line 108, in <module>
    json.dump(out, open("results/multiobjective_benchmark.json", "w"), indent=1)
  File "/usr/lib/python3.10/json/__init__.py", line 179, in dump
    for chunk in iterable:
  File "/usr/lib/python3.10/json/encoder.py", line 431, in _iterencode
    yield from _iterencode_dict(o, _current_indent_level)
  File "/usr/lib/python3.10/json/encoder.py", line 405, in _iterencode_dict
    yield from chunks
  File "/usr/lib/python3.10/json/encoder.py", line 405, in _iterencode_dict
    yield from chunks
  File "/usr/lib/python3.10/json/encoder.py", line 405, in _iterencode_dict
    yield from chunks
  File "/usr/lib/python3.10/json/encoder.py", line 438, in _iterencode
    o = _default(o)
  File "/usr/lib/python3.10/json/encoder.py", line 179, in default
    raise TypeError(f'Object of type {o.__class__.__name__} '
TypeError: Object of type float32 is not JSON serializable
