This is pdfTeX, Version 3.141592653-2.6-1.40.22 (TeX Live 2022/dev/Debian) (preloaded format=pdflatex 2026.8.14)  25 SEP 2026 03:45
entering extended mode
 restricted \write18 enabled.
 %&-line parsing enabled.
**main.tex
(./main.tex
LaTeX2e <2021-11-15> patch level 1
L3 programming layer <2022-01-21>
(/usr/share/texlive/texmf-dist/tex/latex/base/article.cls
Document Class: article 2021/10/04 v1.4n Standard LaTeX document class
(/usr/share/texlive/texmf-dist/tex/latex/base/size11.clo
File: size11.clo 2021/10/04 v1.4n Standard LaTeX file (size option)
)
\c@part=\count185
\c@section=\count186
\c@subsection=\count187
\c@subsubsection=\count188
\c@paragraph=\count189
\c@subparagraph=\count190
\c@figure=\count191
\c@table=\count192
\abovecaptionskip=\skip47
\belowcaptionskip=\skip48
\bibindent=\dimen138
)
(/usr/share/texlive/texmf-dist/tex/latex/psnfss/mathptmx.sty
Package: mathptmx 2020/03/25 PSNFSS-v9.3 Times w/ Math, improved (SPQR, WaS) 
LaTeX Font Info:    Redeclaring symbol font `operators' on input line 28.
LaTeX Font Info:    Overwriting symbol font `operators' in version `normal'
(Font)                  OT1/cmr/m/n --> OT1/ztmcm/m/n on input line 28.
LaTeX Font Info:    Overwriting symbol font `operators' in version `bold'
(Font)                  OT1/cmr/bx/n --> OT1/ztmcm/m/n on input line 28.
LaTeX Font Info:    Redeclaring symbol font `letters' on input line 29.
LaTeX Font Info:    Overwriting symbol font `letters' in version `normal'
(Font)                  OML/cmm/m/it --> OML/ztmcm/m/it on input line 29.
LaTeX Font Info:    Overwriting symbol font `letters' in version `bold'
(Font)                  OML/cmm/b/it --> OML/ztmcm/m/it on input line 29.
LaTeX Font Info:    Redeclaring symbol font `symbols' on input line 30.
LaTeX Font Info:    Overwriting symbol font `symbols' in version `normal'
(Font)                  OMS/cmsy/m/n --> OMS/ztmcm/m/n on input line 30.
LaTeX Font Info:    Overwriting symbol font `symbols' in version `bold'
(Font)                  OMS/cmsy/b/n --> OMS/ztmcm/m/n on input line 30.
LaTeX Font Info:    Redeclaring symbol font `largesymbols' on input line 31.
LaTeX Font Info:    Overwriting symbol font `largesymbols' in version `normal'
(Font)                  OMX/cmex/m/n --> OMX/ztmcm/m/n on input line 31.
LaTeX Font Info:    Overwriting symbol font `largesymbols' in version `bold'
(Font)                  OMX/cmex/m/n --> OMX/ztmcm/m/n on input line 31.
\symbold=\mathgroup4
\symitalic=\mathgroup5
LaTeX Font Info:    Redeclaring math alphabet \mathbf on input line 34.
LaTeX Font Info:    Overwriting math alphabet `\mathbf' in version `normal'
(Font)                  OT1/cmr/bx/n --> OT1/ptm/bx/n on input line 34.
LaTeX Font Info:    Overwriting math alphabet `\mathbf' in version `bold'
(Font)                  OT1/cmr/bx/n --> OT1/ptm/bx/n on input line 34.
LaTeX Font Info:    Redeclaring math alphabet \mathit on input line 35.
LaTeX Font Info:    Overwriting math alphabet `\mathit' in version `normal'
(Font)                  OT1/cmr/m/it --> OT1/ptm/m/it on input line 35.
LaTeX Font Info:    Overwriting math alphabet `\mathit' in version `bold'
(Font)                  OT1/cmr/bx/it --> OT1/ptm/m/it on input line 35.
LaTeX Info: Redefining \hbar on input line 50.
)
(/usr/share/texlive/texmf-dist/tex/latex/geometry/geometry.sty
Package: geometry 2020/01/02 v5.9 Page Geometry

(/usr/share/texlive/texmf-dist/tex/latex/graphics/keyval.sty
Package: keyval 2014/10/28 v1.15 key=value parser (DPC)
\KV@toks@=\toks16
)
(/usr/share/texlive/texmf-dist/tex/generic/iftex/ifvtex.sty
Package: ifvtex 2019/10/25 v1.7 ifvtex legacy package. Use iftex instead.

(/usr/share/texlive/texmf-dist/tex/generic/iftex/iftex.sty
Package: iftex 2020/03/06 v1.0d TeX engine tests
))
\Gm@cnth=\count193
\Gm@cntv=\count194
\c@Gm@tempcnt=\count195
\Gm@bindingoffset=\dimen139
\Gm@wd@mp=\dimen140
\Gm@odd@mp=\dimen141
\Gm@even@mp=\dimen142
\Gm@layoutwidth=\dimen143
\Gm@layoutheight=\dimen144
\Gm@layouthoffset=\dimen145
\Gm@layoutvoffset=\dimen146
\Gm@dimlist=\toks17
)
(/usr/share/texlive/texmf-dist/tex/latex/graphics/graphicx.sty
Package: graphicx 2021/09/16 v1.2d Enhanced LaTeX Graphics (DPC,SPQR)

(/usr/share/texlive/texmf-dist/tex/latex/graphics/graphics.sty
Package: graphics 2021/03/04 v1.4d Standard LaTeX Graphics (DPC,SPQR)

(/usr/share/texlive/texmf-dist/tex/latex/graphics/trig.sty
Package: trig 2021/08/11 v1.11 sin cos tan (DPC)
)
(/usr/share/texlive/texmf-dist/tex/latex/graphics-cfg/graphics.cfg
File: graphics.cfg 2016/06/04 v1.11 sample graphics configuration
)
Package graphics Info: Driver file: pdftex.def on input line 107.

(/usr/share/texlive/texmf-dist/tex/latex/graphics-def/pdftex.def
File: pdftex.def 2020/10/05 v1.2a Graphics/color driver for pdftex
))
\Gin@req@height=\dimen147
\Gin@req@width=\dimen148
)
(/usr/share/texlive/texmf-dist/tex/latex/amsmath/amsmath.sty
Package: amsmath 2021/10/15 v2.17l AMS math features
\@mathmargin=\skip49

For additional information on amsmath, use the `?' option.
(/usr/share/texlive/texmf-dist/tex/latex/amsmath/amstext.sty
Package: amstext 2021/08/26 v2.01 AMS text

(/usr/share/texlive/texmf-dist/tex/latex/amsmath/amsgen.sty
File: amsgen.sty 1999/11/30 v2.0 generic functions
\@emptytoks=\toks18
\ex@=\dimen149
))
(/usr/share/texlive/texmf-dist/tex/latex/amsmath/amsbsy.sty
Package: amsbsy 1999/11/29 v1.2d Bold Symbols
\pmbraise@=\dimen150
)
(/usr/share/texlive/texmf-dist/tex/latex/amsmath/amsopn.sty
Package: amsopn 2021/08/26 v2.02 operator names
)
\inf@bad=\count196
LaTeX Info: Redefining \frac on input line 234.
\uproot@=\count197
\leftroot@=\count198
LaTeX Info: Redefining \overline on input line 399.
\classnum@=\count199
\DOTSCASE@=\count266
LaTeX Info: Redefining \ldots on input line 496.
LaTeX Info: Redefining \dots on input line 499.
LaTeX Info: Redefining \cdots on input line 620.
\Mathstrutbox@=\box50
\strutbox@=\box51
\big@size=\dimen151
LaTeX Font Info:    Redeclaring font encoding OML on input line 743.
LaTeX Font Info:    Redeclaring font encoding OMS on input line 744.
\macc@depth=\count267
\c@MaxMatrixCols=\count268
\dotsspace@=\muskip16
\c@parentequation=\count269
\dspbrk@lvl=\count270
\tag@help=\toks19
\row@=\count271
\column@=\count272
\maxfields@=\count273
\andhelp@=\toks20
\eqnshift@=\dimen152
\alignsep@=\dimen153
\tagshift@=\dimen154
\tagwidth@=\dimen155
\totwidth@=\dimen156
\lineht@=\dimen157
\@envbody=\toks21
\multlinegap=\skip50
\multlinetaggap=\skip51
\mathdisplay@stack=\toks22
LaTeX Info: Redefining \[ on input line 2938.
LaTeX Info: Redefining \] on input line 2939.
)
(/usr/share/texlive/texmf-dist/tex/latex/amsfonts/amssymb.sty
Package: amssymb 2013/01/14 v3.01 AMS font symbols

(/usr/share/texlive/texmf-dist/tex/latex/amsfonts/amsfonts.sty
Package: amsfonts 2013/01/14 v3.01 Basic AMSFonts support
\symAMSa=\mathgroup6
\symAMSb=\mathgroup7
LaTeX Font Info:    Overwriting math alphabet `\mathfrak' in version `bold'
(Font)                  U/euf/m/n --> U/euf/b/n on input line 106.
))
(/usr/share/texlive/texmf-dist/tex/latex/url/url.sty
\Urlmuskip=\muskip17
Package: url 2013/09/16  ver 3.4  Verb mode for urls, etc.
)
(/usr/share/texlive/texmf-dist/tex/latex/natbib/natbib.sty
Package: natbib 2010/09/13 8.31b (PWD, AO)
\bibhang=\skip52
\bibsep=\skip53
LaTeX Info: Redefining \cite on input line 694.
\c@NAT@ctr=\count274
)
LaTeX Font Info:    Trying to load font information for OT1+ptm on input line 1
0.

(/usr/share/texlive/texmf-dist/tex/latex/psnfss/ot1ptm.fd
File: ot1ptm.fd 2001/06/04 font definitions for OT1/ptm.
)
(/usr/share/texlive/texmf-dist/tex/latex/l3backend/l3backend-pdftex.def
File: l3backend-pdftex.def 2022-01-12 L3 backend support: PDF output (pdfTeX)
\l__color_backend_stack_int=\count275
\l__pdf_internal_box=\box52
)
(./main.aux)
\openout1 = `main.aux'.

LaTeX Font Info:    Checking defaults for OML/cmm/m/it on input line 10.
LaTeX Font Info:    ... okay on input line 10.
LaTeX Font Info:    Checking defaults for OMS/cmsy/m/n on input line 10.
LaTeX Font Info:    ... okay on input line 10.
LaTeX Font Info:    Checking defaults for OT1/cmr/m/n on input line 10.
LaTeX Font Info:    ... okay on input line 10.
LaTeX Font Info:    Checking defaults for T1/cmr/m/n on input line 10.
LaTeX Font Info:    ... okay on input line 10.
LaTeX Font Info:    Checking defaults for TS1/cmr/m/n on input line 10.
LaTeX Font Info:    ... okay on input line 10.
LaTeX Font Info:    Checking defaults for OMX/cmex/m/n on input line 10.
LaTeX Font Info:    ... okay on input line 10.
LaTeX Font Info:    Checking defaults for U/cmr/m/n on input line 10.
LaTeX Font Info:    ... okay on input line 10.

*geometry* driver: auto-detecting
*geometry* detected driver: pdftex
*geometry* verbose mode - [ preamble ] result:
* driver: pdftex
* paper: <default>
* layout: <same size as paper>
* layoutoffset:(h,v)=(0.0pt,0.0pt)
* modes: 
* h-part:(L,W,R)=(72.26999pt, 469.75502pt, 72.26999pt)
* v-part:(T,H,B)=(72.26999pt, 650.43001pt, 72.26999pt)
* \paperwidth=614.295pt
* \paperheight=794.96999pt
* \textwidth=469.75502pt
* \textheight=650.43001pt
* \oddsidemargin=0.0pt
* \evensidemargin=0.0pt
* \topmargin=-37.0pt
* \headheight=12.0pt
* \headsep=25.0pt
* \topskip=11.0pt
* \footskip=30.0pt
* \marginparwidth=59.0pt
* \marginparsep=10.0pt
* \columnsep=10.0pt
* \skip\footins=10.0pt plus 4.0pt minus 2.0pt
* \hoffset=0.0pt
* \voffset=0.0pt
* \mag=1000
* \@twocolumnfalse
* \@twosidefalse
* \@mparswitchfalse
* \@reversemarginfalse
* (1in=72.27pt=25.4mm, 1cm=28.453pt)

(/usr/share/texlive/texmf-dist/tex/context/base/mkii/supp-pdf.mkii
[Loading MPS to PDF converter (version 2006.09.02).]
\scratchcounter=\count276
\scratchdimen=\dimen158
\scratchbox=\box53
\nofMPsegments=\count277
\nofMParguments=\count278
\everyMPshowfont=\toks23
\MPscratchCnt=\count279
\MPscratchDim=\dimen159
\MPnumerator=\count280
\makeMPintoPDFobject=\count281
\everyMPtoPDFconversion=\toks24
) (/usr/share/texlive/texmf-dist/tex/latex/epstopdf-pkg/epstopdf-base.sty
Package: epstopdf-base 2020-01-24 v2.11 Base part for package epstopdf
Package epstopdf-base Info: Redefining graphics rule for `.eps' on input line 4
85.

(/usr/share/texlive/texmf-dist/tex/latex/latexconfig/epstopdf-sys.cfg
File: epstopdf-sys.cfg 2010/07/13 v1.3 Configuration of (r)epstopdf for TeX Liv
e
))
LaTeX Font Info:    Trying to load font information for OT1+ztmcm on input line
 10.

(/usr/share/texlive/texmf-dist/tex/latex/psnfss/ot1ztmcm.fd
File: ot1ztmcm.fd 2000/01/03 Fontinst v1.801 font definitions for OT1/ztmcm.
)
LaTeX Font Info:    Trying to load font information for OML+ztmcm on input line
 10.

(/usr/share/texlive/texmf-dist/tex/latex/psnfss/omlztmcm.fd
File: omlztmcm.fd 2000/01/03 Fontinst v1.801 font definitions for OML/ztmcm.
)
LaTeX Font Info:    Trying to load font information for OMS+ztmcm on input line
 10.

(/usr/share/texlive/texmf-dist/tex/latex/psnfss/omsztmcm.fd
File: omsztmcm.fd 2000/01/03 Fontinst v1.801 font definitions for OMS/ztmcm.
)
LaTeX Font Info:    Trying to load font information for OMX+ztmcm on input line
 10.

(/usr/share/texlive/texmf-dist/tex/latex/psnfss/omxztmcm.fd
File: omxztmcm.fd 2000/01/03 Fontinst v1.801 font definitions for OMX/ztmcm.
)
LaTeX Font Info:    Font shape `OT1/ptm/bx/n' in size <12> not available
(Font)              Font shape `OT1/ptm/b/n' tried instead on input line 10.
LaTeX Font Info:    Font shape `OT1/ptm/bx/n' in size <9> not available
(Font)              Font shape `OT1/ptm/b/n' tried instead on input line 10.
LaTeX Font Info:    Font shape `OT1/ptm/bx/n' in size <7> not available
(Font)              Font shape `OT1/ptm/b/n' tried instead on input line 10.
LaTeX Font Info:    Font shape `OT1/ptm/bx/n' in size <10> not available
(Font)              Font shape `OT1/ptm/b/n' tried instead on input line 12.
LaTeX Font Info:    Font shape `OT1/ptm/bx/n' in size <7.4> not available
(Font)              Font shape `OT1/ptm/b/n' tried instead on input line 12.
LaTeX Font Info:    Font shape `OT1/ptm/bx/n' in size <6> not available
(Font)              Font shape `OT1/ptm/b/n' tried instead on input line 12.
 (./main.toc
LaTeX Font Info:    Font shape `OT1/ptm/bx/n' in size <10.95> not available
(Font)              Font shape `OT1/ptm/b/n' tried instead on input line 4.
LaTeX Font Info:    Font shape `OT1/ptm/bx/n' in size <8> not available
(Font)              Font shape `OT1/ptm/b/n' tried instead on input line 4.

[1

{/var/lib/texmf/fonts/map/pdftex/updmap/pdftex.map}]
Overfull \hbox (1.69215pt too wide) in paragraph at lines 24--24
 [] []\OT1/ptm/b/n/10.95 Systematic-aggregation au-dit: the panel is ge-net-i-c
ally con-cen-trated on pan-cre-atic can-cer (Open 
 []

[2])
\tf@toc=\write3
\openout3 = `main.toc'.

 [3]
Overfull \hbox (41.09271pt too wide) in paragraph at lines 23--24
\OT1/ptm/m/n/10.95 TCGA-PAAD (Pan-Cancer At-las; $\OML/ztmcm/m/it/10.95 n \OT1/
ztmcm/m/n/10.95 = 184$ \OT1/ptm/m/n/10.95 with mu-ta-tion calls) via cBio-Por-t
al; repli-ca-tion co-horts paad[]qcmg[]uq[]2016
 []


Overfull \hbox (16.94203pt too wide) in paragraph at lines 23--24
\OT1/ptm/m/n/10.95 ($\OML/ztmcm/m/it/10.95 n \OT1/ztmcm/m/n/10.95 = 456$\OT1/pt
m/m/n/10.95 ) and pdac[]msk[]2024 ($\OML/ztmcm/m/it/10.95 n \OT1/ztmcm/m/n/10.9
5 = 2[]336$\OT1/ptm/m/n/10.95 ) fetched with the same pipeline (\OT1/cmtt/m/n/1
0.95 scripts/fetch[]replication.py\OT1/ptm/m/n/10.95 ). 
 []

[4]
<figs/fig_benchmark.pdf, id=24, 332.44202pt x 187.902pt>
File: figs/fig_benchmark.pdf Graphic file (type pdf)
<use figs/fig_benchmark.pdf>
Package pdftex.def Info: figs/fig_benchmark.pdf  used on input line 72.
(pdftex.def)             Requested size: 375.80544pt x 212.4128pt.


LaTeX Warning: `h' float specifier changed to `ht'.


LaTeX Warning: `h' float specifier changed to `ht'.

<figs/fig_replication.pdf, id=25, 332.44202pt x 202.356pt>
File: figs/fig_replication.pdf Graphic file (type pdf)
<use figs/fig_replication.pdf>
Package pdftex.def Info: figs/fig_replication.pdf  used on input line 88.
(pdftex.def)             Requested size: 375.80544pt x 228.75224pt.
[5]

LaTeX Warning: `h' float specifier changed to `ht'.

<figs/fig_icor_headtohead.pdf, id=31, 303.534pt x 216.81pt>
File: figs/fig_icor_headtohead.pdf Graphic file (type pdf)
<use figs/fig_icor_headtohead.pdf>
Package pdftex.def Info: figs/fig_icor_headtohead.pdf  used on input line 107.
(pdftex.def)             Requested size: 352.31625pt x 251.65526pt.
<figs/fig_codon_box.pdf, id=32, 332.44202pt x 187.902pt>
File: figs/fig_codon_box.pdf Graphic file (type pdf)
<use figs/fig_codon_box.pdf>
Package pdftex.def Info: figs/fig_codon_box.pdf  used on input line 110.
(pdftex.def)             Requested size: 328.82707pt x 185.86012pt.
(./tai.tex

LaTeX Warning: `h' float specifier changed to `ht'.


LaTeX Warning: `h' float specifier changed to `ht'.


LaTeX Warning: `h' float specifier changed to `ht'.

(./multiobj.tex [6 <./figs/fig_benchmark.pdf>]
LaTeX Font Info:    Trying to load font information for TS1+ptm on input line 7
.

(/usr/share/texlive/texmf-dist/tex/latex/psnfss/ts1ptm.fd
File: ts1ptm.fd 2001/06/04 font definitions for TS1/ptm.
))) [7 <./figs/fig_replication.pdf>]
LaTeX Font Info:    Font shape `OT1/ptm/bx/n' in size <14.4> not available
(Font)              Font shape `OT1/ptm/b/n' tried instead on input line 116.

Overfull \hbox (35.734pt too wide) in paragraph at lines 119--120
\OT1/ptm/m/n/10.95 those se-quences against the live NCBI record each fasta hea
der names (E-utilities \OT1/cmtt/m/n/10.95 efetch\OT1/ptm/m/n/10.95 , \OT1/cmtt
/m/n/10.95 rettype=fasta[]cds[]na\OT1/ptm/m/n/10.95 ,
 []

[8]
<figs/fig_depmap_hpa_audit.pdf, id=141, 650.43pt x 238.49101pt>
File: figs/fig_depmap_hpa_audit.pdf Graphic file (type pdf)
<use figs/fig_depmap_hpa_audit.pdf>
Package pdftex.def Info: figs/fig_depmap_hpa_audit.pdf  used on input line 150.

(pdftex.def)             Requested size: 460.35791pt x 168.80212pt.
 [9 <./figs/fig_icor_headtohead.pdf>]

LaTeX Warning: `h' float specifier changed to `ht'.

<figs/fig_gnomad_specificity.pdf, id=199, 505.89pt x 209.58301pt>
File: figs/fig_gnomad_specificity.pdf Graphic file (type pdf)
<use figs/fig_gnomad_specificity.pdf>
Package pdftex.def Info: figs/fig_gnomad_specificity.pdf  used on input line 18
3.
(pdftex.def)             Requested size: 460.35791pt x 190.72403pt.

Overfull \hbox (27.90536pt too wide) in paragraph at lines 160--190
\OT1/ptm/m/n/10.95 chro-mo-somes, GraphQL API; 9,410 vari-ant records fetched a
nd pass-screened, re-sults/gnomad[]panel[]variants.csv)
 []

[10 <./figs/fig_codon_box.pdf>]

LaTeX Warning: `h' float specifier changed to `ht'.

(./gtex_sec.tex
<figs/fig_gtex_background.pdf, id=244, 664.88402pt x 260.17201pt>
File: figs/fig_gtex_background.pdf Graphic file (type pdf)
<use figs/fig_gtex_background.pdf>
Package pdftex.def Info: figs/fig_gtex_background.pdf  used on input line 33.
(pdftex.def)             Requested size: 460.35791pt x 180.13817pt.
) (./civic_sec.tex

LaTeX Warning: `h' float specifier changed to `ht'.

[11 <./figs/fig_depmap_hpa_audit.pdf>]
LaTeX Font Info:    Font shape `OT1/ptm/bx/n' in size <5> not available
(Font)              Font shape `OT1/ptm/b/n' tried instead on input line 23.

Underfull \hbox (badness 1082) in paragraph at lines 26--27
[]\OT1/ptm/m/n/9 Colorectal Can-cer (96), Lung Non-
 []


Underfull \hbox (badness 2088) in paragraph at lines 29--29
\OT1/ptm/m/n/9 no-car-ci-noma (1), Pan-cre-atic Duc-tal
 []


LaTeX Warning: `h' float specifier changed to `ht'.

<figs/fig_civic.pdf, id=296, 462.52798pt x 231.26399pt>
File: figs/fig_civic.pdf Graphic file (type pdf)
<use figs/fig_civic.pdf>
Package pdftex.def Info: figs/fig_civic.pdf  used on input line 47.
(pdftex.def)             Requested size: 385.20255pt x 192.60893pt.

LaTeX Warning: `h' float specifier changed to `ht'.

) (./opentargets_sec.tex [12 <./figs/fig_gnomad_specificity.pdf>] [13 <./figs/f
ig_gtex_background.pdf>]
<figs/fig_opentargets.pdf, id=414, 664.88402pt x 245.718pt>
File: figs/fig_opentargets.pdf Graphic file (type pdf)
<use figs/fig_opentargets.pdf>
Package pdftex.def Info: figs/fig_opentargets.pdf  used on input line 64.
(pdftex.def)             Requested size: 460.35791pt x 170.1305pt.


LaTeX Warning: `h' float specifier changed to `ht'.

) (./myvariant_sec.tex [14 <./figs/fig_civic.pdf>]
Overfull \hbox (48.13013pt too wide) in paragraph at lines 2--15
\OT1/ptm/m/n/10.95 er-ence base matched the cBio-Por-tal al-lele for all 1,019 
of 1,019 al-le-les (\OT1/cmtt/m/n/10.95 results/myvariant[]allele[]context.csv\
OT1/ptm/m/n/10.95 ). 
 []

[15 <./figs/fig_opentargets.pdf>]
Overfull \hbox (1.54387pt too wide) in paragraph at lines 47--47
[]\OT1/ptm/m/n/9 drv/pass| 
 []


Underfull \hbox (badness 10000) in paragraph at lines 48--48
[]\OT1/ptm/m/n/9 0.549
 []


Underfull \hbox (badness 10000) in paragraph at lines 48--48
[]\OT1/ptm/m/n/9 0.517
 []


Underfull \hbox (badness 10000) in paragraph at lines 48--49
[]\OT1/ptm/m/n/9 0.055
 []


Underfull \hbox (badness 10000) in paragraph at lines 49--49
[]\OT1/ptm/m/n/9 0.613
 []


Underfull \hbox (badness 10000) in paragraph at lines 49--49
[]\OT1/ptm/m/n/9 0.531
 []


Underfull \hbox (badness 10000) in paragraph at lines 49--50
[]\OT1/ptm/m/n/9 0.177 ($\OML/ztmcm/m/it/9 p \OT1/ztmcm/m/n/9 =
 []


Underfull \hbox (badness 10000) in paragraph at lines 50--50
[]\OT1/ptm/m/n/9 0.648 ($\OML/ztmcm/m/it/9 p \OT1/ztmcm/m/n/9 =
 []


Underfull \hbox (badness 10000) in paragraph at lines 50--50
[]\OT1/ptm/m/n/9 0.543
 []


Underfull \hbox (badness 10000) in paragraph at lines 50--51
[]\OT1/ptm/m/n/9 0.181 ($\OML/ztmcm/m/it/9 p \OT1/ztmcm/m/n/9 =
 []

<figs/fig_myvariant.pdf, id=538, 758.835pt x 238.49101pt>
File: figs/fig_myvariant.pdf Graphic file (type pdf)
<use figs/fig_myvariant.pdf>
Package pdftex.def Info: figs/fig_myvariant.pdf  used on input line 70.
(pdftex.def)             Requested size: 469.75502pt x 147.6409pt.

LaTeX Warning: `h' float specifier changed to `ht'.

) (./cdkn2a_arf_sec.tex [16]
<figs/fig_cdkn2a_arf.pdf, id=542, 607.068pt x 231.26399pt>
File: figs/fig_cdkn2a_arf.pdf Graphic file (type pdf)
<use figs/fig_cdkn2a_arf.pdf>
Package pdftex.def Info: figs/fig_cdkn2a_arf.pdf  used on input line 41.
(pdftex.def)             Requested size: 399.29463pt x 152.11243pt.


LaTeX Warning: `h' float specifier changed to `ht'.

) [17 <./figs/fig_myvariant.pdf>] (./tools.tex [18 <./figs/fig_cdkn2a_arf.pdf>]

Overfull \hbox (10.9113pt too wide) in paragraph at lines 25--26
\OT1/ptm/m/n/10.95 E-utilities API (Ref-Seq prove-nance au-dit of the bench-mar
k wild types, \OT1/cmtt/m/n/10.95 results/refseq[]provenance.json\OT1/ptm/m/n/1
0.95 )
 []


Overfull \hbox (37.59628pt too wide) in paragraph at lines 25--26
\OT1/ptm/m/n/10.95 germline/mosaic back-ground for the de-tec-tion panel's tar-
get al-le-les, \OT1/cmtt/m/n/10.95 results/gnomad[]panel[]specificity.json\OT1/
ptm/m/n/10.95 )
 []


Overfull \hbox (75.24234pt too wide) in paragraph at lines 25--26
\OT1/ptm/m/n/10.95 and the GTEx Por-tal API v2 (normal-tissue ex-pres-sion back
-ground of the panel, \OT1/cmtt/m/n/10.95 results/gtex[]panel[]background.json\
OT1/ptm/m/n/10.95 ),
 []


Overfull \hbox (74.86836pt too wide) in paragraph at lines 25--26
\OT1/ptm/m/n/10.95 the CIViC v2 knowl-edge-base GraphQL API (clinical-evidence 
au-dit of the panel, \OT1/cmtt/m/n/10.95 results/civic[]panel[]evidence.json\OT
1/ptm/m/n/10.95 ),
 []


Overfull \hbox (122.11687pt too wide) in paragraph at lines 25--26
\OT1/ptm/m/n/10.95 and the Open Tar-gets Plat-form GraphQL API (sys-tem-atic as
-so-ci-a-tion + tractabil-ity au-dit, \OT1/cmtt/m/n/10.95 results/opentargets[]
panel[]audit.json\OT1/ptm/m/n/10.95 )
 []

) (./meta.tex
Overfull \hbox (4.34148pt too wide) in paragraph at lines 27--1
\OT1/ptm/m/n/10.95 turned by the API and used in the rank/genetic-backing anal-
y-sis, \OT1/cmtt/m/n/10.95 results/opentargets[]assoc[]rows.csv\OT1/ptm/m/n/10.
95 ,
 []


Overfull \hbox (4.96614pt too wide) in paragraph at lines 27--1
\OT1/ptm/m/n/10.95 HGVS-keyed, in-di-vid-u-ally re-turned and used in the allel
e-level au-dit, \OT1/cmtt/m/n/10.95 results/myvariant[]variants.csv\OT1/ptm/m/n
/10.95 ;
 []

[19]
Overfull \hbox (3.15387pt too wide) in paragraph at lines 2--3
\OT1/ptm/m/n/10.95 2021, JHU-2014, MSK-pancreas-2024, MSK-2025, TCGA-legacy, QC
MG-UQ, MSK-2024; to-tal $\OML/ztmcm/m/it/10.95 n \OT1/ztmcm/m/n/10.95 = 3773$\O
T1/ptm/m/n/10.95 ).
 []

) (./derivations.tex

LaTeX Warning: `h' float specifier changed to `ht'.

[20] [21]) (./supplement.tex [22] [23]) (./appendix_mo.tex [24]) (./pancan.tex
(./pancan_table.tex)
Underfull \hbox (badness 10000) in paragraph at lines 11--11
[]\OT1/ptm/m/n/10.95 Table 7: Top co-horts by CDKN2A al-ter-ation fre-quency (f
ull per-cohort ta-ble in
 []

) [25] [26] (./main.aux) ) 
Here is how much of TeX's memory you used:
 3952 strings out of 480247
 58741 string characters out of 5896151
 383442 words of memory out of 5000000
 21751 multiletter control sequences out of 15000+600000
 539254 words of font info for 180 fonts, out of 8000000 for 9000
 14 hyphenation exceptions out of 8191
 55i,12n,62p,2425b,252s stack positions out of 5000i,500n,10000p,200000b,80000s
{/usr/share/texlive/texmf-dist/fonts/enc/dvips/base/8
r.enc}</usr/share/texlive/texmf-dist/fonts/type1/public/amsfonts/cm/cmex10.pfb>
</usr/share/texlive/texmf-dist/fonts/type1/public/amsfonts/cm/cmmi10.pfb></usr/
share/texlive/texmf-dist/fonts/type1/public/amsfonts/cm/cmr10.pfb></usr/share/t
exlive/texmf-dist/fonts/type1/public/amsfonts/cm/cmsy10.pfb></usr/share/texlive
/texmf-dist/fonts/type1/public/amsfonts/cm/cmtt10.pfb></usr/share/texlive/texmf
-dist/fonts/type1/public/amsfonts/symbols/msam10.pfb></usr/share/texlive/texmf-
dist/fonts/type1/public/rsfs/rsfs10.pfb></usr/share/texlive/texmf-dist/fonts/ty
pe1/urw/symbol/usyr.pfb></usr/share/texlive/texmf-dist/fonts/type1/urw/symbol/u
syr.pfb></usr/share/texlive/texmf-dist/fonts/type1/urw/times/utmb8a.pfb></usr/s
hare/texlive/texmf-dist/fonts/type1/urw/times/utmr8a.pfb></usr/share/texlive/te
xmf-dist/fonts/type1/urw/times/utmri8a.pfb>
Output written on main.pdf (26 pages, 373706 bytes).
PDF statistics:
 743 PDF objects out of 1000 (max. 8388607)
 153 compressed objects within 2 object streams
 0 named destinations out of 1000 (max. 500000)
 56 words of extra memory for PDF output out of 10000 (max. 10000000)

